// Jest Snapshot v1, https://goo.gl/fbAQLP

exports[`Creating a snapshot of Contact Component 1`] = `
<div
  className="jumbotron"
>
  <h2>
    Contact us for any queries
  </h2>
  <h3>
    Call:123456
  </h3>
  <h3>
    Mail us at react@support.com
  </h3>
</div>
`;
